../Core/Src/main.c:77:6:CS_LOW	8	static
../Core/Src/main.c:80:6:CS_HIGH	8	static
../Core/Src/main.c:85:5:__io_putchar	16	static
../Core/Src/main.c:90:9:ADXL345_ReadID	16	static
../Core/Src/main.c:101:6:ADXL345_Init	24	static
../Core/Src/main.c:119:6:ADXL345_ReadXYZ	40	static
../Core/Src/main.c:140:5:main	56	static
../Core/Src/main.c:196:6:SystemClock_Config	88	static
../Core/Src/main.c:243:13:MX_SPI2_Init	8	static
../Core/Src/main.c:281:13:MX_USART2_UART_Init	8	static
../Core/Src/main.c:314:13:MX_GPIO_Init	48	static
../Core/Src/main.c:356:6:Error_Handler	4	static,ignoring_inline_asm
